Test 100-matrix_mul.py
=======================

>>> print(matrix_mul()) # doctest: +NORMALIZE_WHITESPACE
Traceback (most recent call last):
TypeError: matrix_mul() missing 2 required positional arguments: 
'm_a' and 'm_b'

>>> print(matrix_mul()) # doctest: +NORMALIZE_WHITESPACE
Traceback (most recent call last):
TypeError: matrix_mul() missing 2 required positional arguments: 
'm_a' and 'm_b'

>>> m_a = [
... [1, 2],
... [3, 4],
... ]
>>> m_b = [
... [1, 2],
... [2, 3],
... [4, 5]
... ]
>>> print(matrix_mul(m_a, m_b))
Traceback (most recent call last):
ValueError: m_a and m_b can't be multiplied

>>> print(matrix_mul([], [[1, 2]]))
Traceback (most recent call last):
ValueError: m_a can't be empty

>>> print(matrix_mul([[1, 2]], [[]]))
Traceback (most recent call last):
ValueError: m_b can't be empty

>>> print(matrix_mul([[]], []))
Traceback (most recent call last):
ValueError: m_a can't be empty

>>> print(matrix_mul("not a list", [[1, 2]]))
Traceback (most recent call last):
TypeError: m_a must be a list

>>> print(matrix_mul([[1, 2]], "also not a list"))
Traceback (most recent call last):
TypeError: m_b must be a list

>>> print(matrix_mul("not a list", "also not a list"))
Traceback (most recent call last):
TypeError: m_a must be a list

>>> print(matrix_mul(None, None))
Traceback (most recent call last):
TypeError: m_a must be a list

>>> print(matrix_mul([1, 2], [[3, 4]]))
Traceback (most recent call last):
TypeError: m_a must be a list of lists

>>> print(matrix_mul([[1, 2]], [3, 4]))
Traceback (most recent call last):
TypeError: m_b must be a list of lists

>>> print(matrix_mul([1, 2], [3, 4]))
Traceback (most recent call last):
TypeError: m_a must be a list of lists

>>> print(matrix_mul([[1, "non-number"]], [[3, 4]]))
Traceback (most recent call last):
TypeError: m_a should contain only integers or floats

>>> print(matrix_mul([[1, 2]], [[{"a": 1}, 8.8]]))
Traceback (most recent call last):
TypeError: m_b should contain only integers or floats

>>> print(matrix_mul([[1, "non-number"]], [[{"a": 1}, 8.8]]))
Traceback (most recent call last):
TypeError: m_a should contain only integers or floats

>>> m_a = [
... [1, 2],
... [3, 4, 5]
... ]
>>> m_b = [
... [1, 2],
... [3, 4]
... ]
>>> print(matrix_mul(m_a, m_b))
Traceback (most recent call last):
TypeError: each row of m_a must should be of the same size

>>> m_a = [
... [1, 2],
... [3, 4]
... ]
>>> m_b = [
... [1, 2],
... [3, 4, 5]
... ]
>>> print(matrix_mul(m_a, m_b))
Traceback (most recent call last):
TypeError: each row of m_b must should be of the same size

>>> m_a = [
... [1, 2],
... [3, 4, 5]
... ]
>>> m_b = m_a
>>> print(matrix_mul(m_a, m_b))
Traceback (most recent call last):
TypeError: each row of m_a must should be of the same size
